ESP-ROM:esp32c3-api1-20210207
Build:Feb  7 2021
rst:0x15 (USB_UART_CHIP_RESET),boot:0xc (SPI_FAST_FLASH_BOOT)
Saved PC:0x4038879e
SPIWP:0xee
mode:DIO, clock div:2
load:0x3fcd5820,len:0x15c4
load:0x403cbf10,len:0xc84
load:0x403ce710,len:0x2fd0
entry 0x403cbf1a
I (24) boot: ESP-IDF v5.5.1-838-gd66ebb86d2e 2nd stage bootloader
I (25) boot: compile time Nov 26 2025 12:25:17
I (25) boot: chip revision: v0.4
I (26) boot: efuse block revision: v1.3
I (30) boot.esp32c3: SPI Speed      : 40MHz
I (34) boot.esp32c3: SPI Mode       : DIO
I (37) boot.esp32c3: SPI Flash Size : 4MB
I (41) boot: Enabling RNG early entropy source...
I (46) boot: Partition Table:
I (48) boot: ## Label            Usage          Type ST Offset   Length
I (54) boot:  0 nvs              WiFi data        01 02 00009000 00006000
I (61) boot:  1 phy_init         RF data          01 01 0000f000 00001000
I (67) boot:  2 factory          factory app      00 00 00010000 003f0000
I (74) boot: End of partition table
I (77) esp_image: segment 0: paddr=00010020 vaddr=3c0c0020 size=44fd4h (282580) map
I (147) esp_image: segment 1: paddr=00054ffc vaddr=3fc92c00 size=02b40h ( 11072) load
I (150) esp_image: segment 2: paddr=00057b44 vaddr=40380000 size=084d4h ( 34004) load
I (159) esp_image: segment 3: paddr=00060020 vaddr=42000020 size=b0b88h (723848) map
I (317) esp_image: segment 4: paddr=00110bb0 vaddr=403884d4 size=0a694h ( 42644) load
I (328) esp_image: segment 5: paddr=0011b24c vaddr=50000000 size=00020h (    32) load
I (334) boot: Loaded app from partition at offset 0x10000
I (334) boot: Disabling RNG early entropy source...
I (345) cpu_start: Unicore app
I (354) cpu_start: Pro cpu start user code
I (354) cpu_start: cpu freq: 160000000 Hz
I (354) app_init: Application information:
I (354) app_init: Project name:     libespidf
I (354) app_init: App version:      0c7ebc1-dirty
I (355) app_init: Compile time:     Aug 14 2026 14:55:37
I (355) app_init: ELF file SHA256:  9618f6ba7...
I (355) app_init: ESP-IDF:          v5.5.3
I (355) efuse_init: Min chip rev:     v0.3
I (355) efuse_init: Max chip rev:     v1.99 
I (355) efuse_init: Chip rev:         v0.4
I (355) heap_init: Initializing. RAM available for dynamic allocation:
I (356) heap_init: At 3FC96DF0 len 00029210 (164 KiB): RAM
I (356) heap_init: At 3FCC0000 len 0001C710 (113 KiB): Retention RAM
I (356) heap_init: At 3FCDC710 len 00002950 (10 KiB): Retention RAM
I (356) heap_init: At 50000020 len 00001FC8 (7 KiB): RTCRAM
I (358) spi_flash: detected chip: generic
I (358) spi_flash: flash io: dio
W (358) i2c: This driver is an old driver, please migrate your application code to adapt `driver/i2c_master.h`
I (359) sleep_gpio: Configure to isolate all GPIO pins in sleep state
I (359) sleep_gpio: Enable automatic switching of GPIO sleep configuration
I (361) main_task: Started on CPU0
I (361) main_task: Calling app_main()
I (363) focus_firmware: focus-firmware 0.1.0 booting on ESP32-C3; reset_reason=USBPeripheral
I (364) focus_firmware::runtime: runtime stage: peripherals acquired
I (365) focus_firmware::runtime: runtime stage: encoder and buzzer GPIO configured
I (367) focus_firmware::runtime: runtime stage: probing OLED at 0x3C
I (376) focus_firmware::runtime: runtime stage: OLED initialized
I (376) focus_firmware::runtime: runtime stage: opening persistent stores
I (468) focus_firmware::runtime: session journal ready: device=[8f, 32, 6f, 0b, 85, bd, c7, 02, 54, 5b, 53, ce, 6f, 26, 6d, 13] epoch=[00, 6e, c3, bb, 47, 70, 8d, 74] bounds=(Some(140), Some(203)) health=Degraded init=InitReport { identity: Existing, epoch: Existing, metadata: Clean, invalid_slot_count: 1 }
I (472) focus_firmware::runtime: settings record loaded from NVS
I (473) BLE_INIT: BT controller compile version [1bb2f50]
I (473) BLE_INIT: Using main XTAL as clock source
I (474) BLE_INIT: Feature Config, ADV:1, BLE_50:1, DTM:1, SCAN:1, CCA:0, SMP:1, CONNECT:1
I (476) BLE_INIT: Bluetooth MAC: 08:92:72:9d:24:b2
I (478) phy_init: phy_version 1232,d493f299,Aug 25 2025,19:01:20
I (522) esp32_nimble::ble_device: BLE Host Task Started
I (526) NimBLE: GAP procedure initiated: stop advertising.

I (528) esp32_nimble::ble_device: Device Address: 8:92:72:9D:24:B2
I (533) NimBLE: GAP procedure initiated: advertise; 
I (534) NimBLE: disc_mode=2
I (534) NimBLE:  adv_channel_map=0 own_addr_type=0 adv_filter_policy=0 adv_itvl_min=0 adv_itvl_max=0
I (534) NimBLE: 

I (537) focus_firmware::ble_radio: BLE advertising started: name=FocusTimer preferred_mtu=185 max_connections=1
I (538) focus_firmware::runtime: integrated runtime ready: OLED=0x3C GPIO6/GPIO7; EC11 S1=GPIO0 S2=GPIO4 KEY=GPIO5; active buzzer=GPIO1 through 330 ohm; boot levels S1=true S2=true KEY=true
I (657) focus_firmware::runtime: OLED render: state=READY preset=Focus time=50:00
I (159779) focus_firmware::ble_radio: BLE connected: generation=1 handle=1 mtu=23
W (159781) esp32_nimble::server::ble_server: unhandled event: 38
I (159783) focus_firmware::runtime: BLE protocol session reset for connection generation=1 connected=true subscribed=false mtu=23
I (160109) esp32_nimble::server::ble_server: mtu update event; conn_handle=1 mtu=185
I (160739) focus_firmware::ble_radio: BLE response subscription: handle=1 mtu=185 enabled=true
I (160801) focus_firmware::runtime: BLE protocol request: transfer=1 request_id=1 kind=1 version=1.0 bytes=11
I (160802) focus_firmware::runtime: BLE protocol response: transfer=1 request_id=1 kind=2 version=1.0 bytes=57
I (160804) NimBLE: GATT procedure initiated: notify; 
I (160805) NimBLE: att_handle=16

I (160806) focus_firmware::ble_radio: BLE logical response transfer: bytes=57 frames=1 elapsed_ms=2
I (160859) focus_firmware::ble_radio: BLE response subscription: handle=1 mtu=185 enabled=false
I (160919) focus_firmware::ble_radio: BLE response subscription: handle=1 mtu=185 enabled=true
I (160981) focus_firmware::runtime: BLE protocol request: transfer=2 request_id=2 kind=7 version=1.0 bytes=21
I (160982) focus_firmware::runtime: BLE protocol response: transfer=2 request_id=2 kind=8 version=1.0 bytes=27
I (160984) NimBLE: GATT procedure initiated: notify; 
I (160984) NimBLE: att_handle=16

I (160986) focus_firmware::ble_radio: BLE logical response transfer: bytes=27 frames=1 elapsed_ms=2
I (161039) focus_firmware::ble_radio: BLE response subscription: handle=1 mtu=185 enabled=false
I (161099) focus_firmware::ble_radio: BLE response subscription: handle=1 mtu=185 enabled=true
I (161161) focus_firmware::runtime: BLE protocol request: transfer=3 request_id=3 kind=3 version=1.0 bytes=11
I (161163) focus_firmware::runtime: BLE protocol response: transfer=3 request_id=3 kind=4 version=1.0 bytes=63
I (161164) NimBLE: GATT procedure initiated: notify; 
I (161165) NimBLE: att_handle=16

I (161167) focus_firmware::ble_radio: BLE logical response transfer: bytes=63 frames=1 elapsed_ms=2
I (161219) focus_firmware::ble_radio: BLE response subscription: handle=1 mtu=185 enabled=false
I (161279) focus_firmware::ble_radio: BLE response subscription: handle=1 mtu=185 enabled=true
I (161341) focus_firmware::runtime: BLE protocol request: transfer=4 request_id=4 kind=5 version=1.0 bytes=26
I (161344) focus_firmware::runtime: BLE protocol response: transfer=4 request_id=4 kind=6 version=1.0 bytes=143
I (161346) NimBLE: GATT procedure initiated: notify; 
I (161346) NimBLE: att_handle=16

I (161348) focus_firmware::ble_radio: BLE logical response transfer: bytes=143 frames=1 elapsed_ms=2
I (161399) focus_firmware::ble_radio: BLE response subscription: handle=1 mtu=185 enabled=false
I (165850) focus_firmware::runtime: input event: RotateRight
I (165851) focus_firmware::runtime: selection save scheduled after quiet time: pomodoro
I (165969) focus_firmware::runtime: OLED render: state=READY preset=Pomodoro time=25:00
I (166853) focus_firmware::runtime: saved selected preset to NVS: pomodoro
I (166890) focus_firmware::runtime: input event: RotateLeft
I (166890) focus_firmware::runtime: selection save scheduled after quiet time: focus
I (167008) focus_firmware::runtime: OLED render: state=READY preset=Focus time=50:00
I (167894) focus_firmware::runtime: saved selected preset to NVS: focus
I (251580) focus_firmware::ble_radio: BLE disconnected: generation=2 handle=1 reason=Err(Remote User Terminated Connection)
I (251581) NimBLE: GAP procedure initiated: advertise; 
I (251582) NimBLE: disc_mode=2
I (251582) NimBLE:  adv_channel_map=0 own_addr_type=0 adv_filter_policy=0 adv_itvl_min=0 adv_itvl_max=0
I (251582) NimBLE: 

I (251585) focus_firmware::runtime: BLE protocol session reset for connection generation=2 connected=false subscribed=false mtu=23
I (439169) focus_firmware::ble_radio: BLE connected: generation=3 handle=1 mtu=23
W (439170) esp32_nimble::server::ble_server: unhandled event: 38
I (439173) focus_firmware::runtime: BLE protocol session reset for connection generation=3 connected=true subscribed=false mtu=23
I (439500) esp32_nimble::server::ble_server: mtu update event; conn_handle=1 mtu=185
I (440159) focus_firmware::ble_radio: BLE response subscription: handle=1 mtu=185 enabled=true
I (440222) focus_firmware::runtime: BLE protocol request: transfer=1 request_id=1 kind=1 version=1.0 bytes=11
I (440223) focus_firmware::runtime: BLE protocol response: transfer=1 request_id=1 kind=2 version=1.0 bytes=57
I (440225) NimBLE: GATT procedure initiated: notify; 
I (440225) NimBLE: att_handle=16

I (440227) focus_firmware::ble_radio: BLE logical response transfer: bytes=57 frames=1 elapsed_ms=2
I (440280) focus_firmware::ble_radio: BLE response subscription: handle=1 mtu=185 enabled=false
I (440340) focus_firmware::ble_radio: BLE response subscription: handle=1 mtu=185 enabled=true
I (440402) focus_firmware::runtime: BLE protocol request: transfer=2 request_id=2 kind=7 version=1.0 bytes=21
W (440403) focus_firmware::runtime: BLE clock anchor rejected: UtcMovedBackwards
I (440403) focus_firmware::runtime: BLE protocol response: transfer=2 request_id=2 kind=255 version=1.0 bytes=18
I (440405) NimBLE: GATT procedure initiated: notify; 
I (440405) NimBLE: att_handle=16

I (440407) focus_firmware::ble_radio: BLE logical response transfer: bytes=18 frames=1 elapsed_ms=2
I (440460) focus_firmware::ble_radio: BLE response subscription: handle=1 mtu=185 enabled=false
I (440520) focus_firmware::ble_radio: BLE response subscription: handle=1 mtu=185 enabled=true
I (440582) focus_firmware::runtime: BLE protocol request: transfer=3 request_id=3 kind=3 version=1.0 bytes=11
I (440584) focus_firmware::runtime: BLE protocol response: transfer=3 request_id=3 kind=4 version=1.0 bytes=63
I (440585) NimBLE: GATT procedure initiated: notify; 
I (440586) NimBLE: att_handle=16

I (440588) focus_firmware::ble_radio: BLE logical response transfer: bytes=63 frames=1 elapsed_ms=2
I (440640) focus_firmware::ble_radio: BLE response subscription: handle=1 mtu=185 enabled=false
I (445290) focus_firmware::ble_radio: BLE disconnected: generation=4 handle=1 reason=Err(Remote User Terminated Connection)
I (445291) NimBLE: GAP procedure initiated: advertise; 
I (445291) NimBLE: disc_mode=2
I (445291) NimBLE:  adv_channel_map=0 own_addr_type=0 adv_filter_policy=0 adv_itvl_min=0 adv_itvl_max=0
I (445292) NimBLE: 

I (445295) focus_firmware::runtime: BLE protocol session reset for connection generation=4 connected=false subscribed=false mtu=23
I (451919) focus_firmware::ble_radio: BLE connected: generation=5 handle=1 mtu=23
W (451920) esp32_nimble::server::ble_server: unhandled event: 38
I (451923) focus_firmware::runtime: BLE protocol session reset for connection generation=5 connected=true subscribed=false mtu=23
I (452250) esp32_nimble::server::ble_server: mtu update event; conn_handle=1 mtu=185
I (452850) focus_firmware::ble_radio: BLE response subscription: handle=1 mtu=185 enabled=true
I (452912) focus_firmware::runtime: BLE protocol request: transfer=4 request_id=1 kind=1 version=1.0 bytes=11
I (452913) focus_firmware::runtime: BLE protocol response: transfer=4 request_id=1 kind=2 version=1.0 bytes=57
I (452915) NimBLE: GATT procedure initiated: notify; 
I (452915) NimBLE: att_handle=16

I (452917) focus_firmware::ble_radio: BLE logical response transfer: bytes=57 frames=1 elapsed_ms=2
I (452970) focus_firmware::ble_radio: BLE response subscription: handle=1 mtu=185 enabled=false
I (453030) focus_firmware::ble_radio: BLE response subscription: handle=1 mtu=185 enabled=true
I (453092) focus_firmware::runtime: BLE protocol request: transfer=5 request_id=2 kind=7 version=1.0 bytes=21
W (453093) focus_firmware::runtime: BLE clock anchor rejected: UtcMovedBackwards
I (453093) focus_firmware::runtime: BLE protocol response: transfer=5 request_id=2 kind=255 version=1.0 bytes=18
I (453095) NimBLE: GATT procedure initiated: notify; 
I (453095) NimBLE: att_handle=16

I (453097) focus_firmware::ble_radio: BLE logical response transfer: bytes=18 frames=1 elapsed_ms=2
I (453150) focus_firmware::ble_radio: BLE response subscription: handle=1 mtu=185 enabled=false
I (453210) focus_firmware::ble_radio: BLE response subscription: handle=1 mtu=185 enabled=true
I (453272) focus_firmware::runtime: BLE protocol request: transfer=6 request_id=3 kind=3 version=1.0 bytes=11
I (453274) focus_firmware::runtime: BLE protocol response: transfer=6 request_id=3 kind=4 version=1.0 bytes=63
I (453275) NimBLE: GATT procedure initiated: notify; 
I (453276) NimBLE: att_handle=16

I (453278) focus_firmware::ble_radio: BLE logical response transfer: bytes=63 frames=1 elapsed_ms=2
I (453330) focus_firmware::ble_radio: BLE response subscription: handle=1 mtu=185 enabled=false
I (455850) focus_firmware::ble_radio: BLE disconnected: generation=6 handle=1 reason=Err(Remote User Terminated Connection)
I (455851) NimBLE: GAP procedure initiated: advertise; 
I (455851) NimBLE: disc_mode=2
I (455851) NimBLE:  adv_channel_map=0 own_addr_type=0 adv_filter_policy=0 adv_itvl_min=0 adv_itvl_max=0
I (455852) NimBLE: 

I (455854) focus_firmware::runtime: BLE protocol session reset for connection generation=6 connected=false subscribed=false mtu=23
I (457619) focus_firmware::ble_radio: BLE connected: generation=7 handle=1 mtu=23
W (457620) esp32_nimble::server::ble_server: unhandled event: 38
I (457623) focus_firmware::runtime: BLE protocol session reset for connection generation=7 connected=true subscribed=false mtu=23
I (457950) esp32_nimble::server::ble_server: mtu update event; conn_handle=1 mtu=185
I (458580) focus_firmware::ble_radio: BLE response subscription: handle=1 mtu=185 enabled=true
I (458642) focus_firmware::runtime: BLE protocol request: transfer=1 request_id=1 kind=1 version=1.0 bytes=11
I (458643) focus_firmware::runtime: BLE protocol response: transfer=1 request_id=1 kind=2 version=1.0 bytes=57
I (458645) NimBLE: GATT procedure initiated: notify; 
I (458645) NimBLE: att_handle=16

I (458647) focus_firmware::ble_radio: BLE logical response transfer: bytes=57 frames=1 elapsed_ms=2
I (458700) focus_firmware::ble_radio: BLE response subscription: handle=1 mtu=185 enabled=false
I (458760) focus_firmware::ble_radio: BLE response subscription: handle=1 mtu=185 enabled=true
I (458822) focus_firmware::runtime: BLE protocol request: transfer=2 request_id=2 kind=7 version=1.0 bytes=21
W (458823) focus_firmware::runtime: BLE clock anchor rejected: UtcMovedBackwards
I (458823) focus_firmware::runtime: BLE protocol response: transfer=2 request_id=2 kind=255 version=1.0 bytes=18
I (458825) NimBLE: GATT procedure initiated: notify; 
I (458825) NimBLE: att_handle=16

I (458827) focus_firmware::ble_radio: BLE logical response transfer: bytes=18 frames=1 elapsed_ms=2
I (458880) focus_firmware::ble_radio: BLE response subscription: handle=1 mtu=185 enabled=false
I (458940) focus_firmware::ble_radio: BLE response subscription: handle=1 mtu=185 enabled=true
I (459002) focus_firmware::runtime: BLE protocol request: transfer=3 request_id=3 kind=3 version=1.0 bytes=11
I (459003) focus_firmware::runtime: BLE protocol response: transfer=3 request_id=3 kind=4 version=1.0 bytes=63
I (459007) focus_firmware::ble_radio: BLE logical response transfer: bytes=63 frames=1 elapsed_ms=2
I (459060) focus_firmware::ble_radio: BLE response subscription: handle=1 mtu=185 enabled=false
I (1419274) focus_firmware::runtime: input event: RotateRight
I (1419275) focus_firmware::runtime: selection save scheduled after quiet time: pomodoro
I (1419393) focus_firmware::runtime: OLED render: state=READY preset=Pomodoro time=25:00
I (1420277) focus_firmware::runtime: saved selected preset to NVS: pomodoro
I (1420680) focus_firmware::runtime: input event: RotateRight
I (1420681) focus_firmware::runtime: selection save scheduled after quiet time: reading
I (1420799) focus_firmware::runtime: OLED render: state=READY preset=Reading time=45:00
I (1421275) focus_firmware::runtime: input event: RotateLeft
I (1421275) focus_firmware::runtime: selection already persisted: pomodoro
I (1421393) focus_firmware::runtime: OLED render: state=READY preset=Pomodoro time=25:00
I (1421472) focus_firmware::runtime: input event: RotateLeft
I (1421472) focus_firmware::runtime: selection save scheduled after quiet time: focus
I (1421590) focus_firmware::runtime: OLED render: state=READY preset=Focus time=50:00
I (1421777) focus_firmware::runtime: input event: RotateLeft
I (1421777) focus_firmware::runtime: selection save scheduled after quiet time: deep-work
I (1421896) focus_firmware::runtime: OLED render: state=READY preset=Deep Work time=90:00
I (1422168) focus_firmware::runtime: input event: RotateRight
I (1422168) focus_firmware::runtime: selection save scheduled after quiet time: focus
I (1422286) focus_firmware::runtime: OLED render: state=READY preset=Focus time=50:00
I (1423172) focus_firmware::runtime: saved selected preset to NVS: focus
