Commands:
    CTRL+R    Reset chip
    CTRL+C    Exit

ESP-ROM:esp32c3-api1-20210207
Build:Feb  7 2021
rst:0x15 (USB_UART_CHIP_RESET),boot:0xd (SPI_FAST_FLASH_BOOT)
Saved PC:0x4038085e
SPIWP:0xee
mode:DIO, clock div:2
load:0x3fcd5820,len:0x15c4
load:0x403cbf10,len:0xc84
load:0x403ce710,len:0x2fd0
entry 0x403cbf1a
I (24) boot: ESP-IDF v5.5.1-838-gd66ebb86d2e 2nd stage bootloader
I (25) boot: compile time Nov 26 2025 12:25:17
I (25) boot: chip revision: v0.4
I (26) boot: efuse block revision: v1.3
I (30) boot.esp32c3: SPI Speed      : 40MHz
I (34) boot.esp32c3: SPI Mode       : DIO
I (37) boot.esp32c3: SPI Flash Size : 4MB
I (41) boot: Enabling RNG early entropy source...
I (46) boot: Partition Table:
I (48) boot: ## Label            Usage          Type ST Offset   Length
I (54) boot:  0 nvs              WiFi data        01 02 00009000 00006000
I (61) boot:  1 phy_init         RF data          01 01 0000f000 00001000
I (67) boot:  2 factory          factory app      00 00 00010000 003f0000
I (74) boot: End of partition table
I (77) esp_image: segment 0: paddr=00010020 vaddr=3c0b0020 size=44b6ch (281452) map
I (146) esp_image: segment 1: paddr=00054b94 vaddr=3fc92c00 size=02b40h ( 11072) load
I (149) esp_image: segment 2: paddr=000576dc vaddr=40380000 size=0893ch ( 35132) load
I (159) esp_image: segment 3: paddr=00060020 vaddr=42000020 size=afe44h (720452) map
I (317) esp_image: segment 4: paddr=0010fe6c vaddr=4038893c size=0a22ch ( 41516) load
I (327) esp_image: segment 5: paddr=0011a0a0 vaddr=50000000 size=00020h (    32) load
I (333) boot: Loaded app from partition at offset 0x10000
I (333) boot: Disabling RNG early entropy source...
I (345) cpu_start: Unicore app
I (353) cpu_start: Pro cpu start user code
I (353) cpu_start: cpu freq: 160000000 Hz
I (353) app_init: Application information:
I (353) app_init: Project name:     libespidf
I (354) app_init: App version:      0c7ebc1-dirty
I (354) app_init: Compile time:     Aug 14 2026 14:55:37
I (354) app_init: ELF file SHA256:  25cd12de0...
I (354) app_init: ESP-IDF:          v5.5.3
I (354) efuse_init: Min chip rev:     v0.3
I (354) efuse_init: Max chip rev:     v1.99 
I (354) efuse_init: Chip rev:         v0.4
I (354) heap_init: Initializing. RAM available for dynamic allocation:
I (355) heap_init: At 3FC96DF0 len 00029210 (164 KiB): RAM
I (355) heap_init: At 3FCC0000 len 0001C710 (113 KiB): Retention RAM
I (355) heap_init: At 3FCDC710 len 00002950 (10 KiB): Retention RAM
I (355) heap_init: At 50000020 len 00001FC8 (7 KiB): RTCRAM
I (357) spi_flash: detected chip: generic
I (357) spi_flash: flash io: dio
W (357) i2c: This driver is an old driver, please migrate your application code to adapt `driver/i2c_master.h`
I (358) sleep_gpio: Configure to isolate all GPIO pins in sleep state
I (358) sleep_gpio: Enable automatic switching of GPIO sleep configuration
I (360) main_task: Started on CPU0
I (360) main_task: Calling app_main()
I (362) focus_firmware: focus-firmware 0.1.0 booting on ESP32-C3; reset_reason=USBPeripheral
I (363) focus_firmware::runtime: runtime stage: peripherals acquired
I (365) focus_firmware::runtime: runtime stage: encoder and buzzer GPIO configured
I (366) focus_firmware::runtime: runtime stage: probing OLED at 0x3C
I (375) focus_firmware::runtime: runtime stage: OLED initialized
I (376) focus_firmware::runtime: runtime stage: opening persistent stores
I (389) focus_firmware::runtime: session journal ready: device=[8f, 32, 6f, 0b, 85, bd, c7, 02, 54, 5b, 53, ce, 6f, 26, 6d, 13] epoch=[00, 6e, c3, bb, 47, 70, 8d, 74] bounds=(None, None) health=Healthy init=InitReport { identity: Existing, epoch: Existing, metadata: Clean, invalid_slot_count: 0 }
I (392) focus_firmware::runtime: settings record loaded from NVS
I (393) BLE_INIT: BT controller compile version [1bb2f50]
I (394) BLE_INIT: Using main XTAL as clock source
I (395) BLE_INIT: Feature Config, ADV:1, BLE_50:1, DTM:1, SCAN:1, CCA:0, SMP:1, CONNECT:1
I (396) BLE_INIT: Bluetooth MAC: 08:92:72:9d:24:b2
I (398) phy_init: phy_version 1232,d493f299,Aug 25 2025,19:01:20
I (442) esp32_nimble::ble_device: BLE Host Task Started
I (447) NimBLE: GAP procedure initiated: stop advertising.

I (449) esp32_nimble::ble_device: Device Address: 8:92:72:9D:24:B2
I (454) NimBLE: GAP procedure initiated: advertise; 
I (455) NimBLE: disc_mode=2
I (455) NimBLE:  adv_channel_map=0 own_addr_type=0 adv_filter_policy=0 adv_itvl_min=0 adv_itvl_max=0
I (455) NimBLE: 

I (458) focus_firmware::ble_radio: BLE advertising started: name=FocusTimer preferred_mtu=185 max_connections=1
I (459) focus_firmware::runtime: integrated runtime ready: OLED=0x3C GPIO6/GPIO7; EC11 S1=GPIO0 S2=GPIO4 KEY=GPIO5; active buzzer=GPIO1 through 330 ohm; boot levels S1=true S2=true KEY=true
W (460) focus_firmware::runtime: ACCEPTANCE DIAGNOSTIC: all five presets are temporarily shortened to 8 seconds
I (579) focus_firmware::runtime: OLED render: state=READY preset=Quick Sprint time=00:08
I (58204) focus_firmware::ble_radio: BLE connected: generation=1 handle=1 mtu=23
W (58206) esp32_nimble::server::ble_server: unhandled event: 38
I (58209) focus_firmware::runtime: BLE protocol session reset for connection generation=1 connected=true subscribed=false mtu=23
I (58535) esp32_nimble::server::ble_server: mtu update event; conn_handle=1 mtu=185
I (59135) focus_firmware::ble_radio: BLE response subscription: handle=1 mtu=185 enabled=true
I (59197) NimBLE: GATT procedure initiated: notify; 
I (59198) NimBLE: att_handle=16

I (59255) focus_firmware::ble_radio: BLE response subscription: handle=1 mtu=185 enabled=false
I (59375) focus_firmware::ble_radio: BLE response subscription: handle=1 mtu=185 enabled=true
I (59437) NimBLE: GATT procedure initiated: notify; 
I (59438) NimBLE: att_handle=16

I (59495) focus_firmware::ble_radio: BLE response subscription: handle=1 mtu=185 enabled=false
I (59585) focus_firmware::ble_radio: BLE response subscription: handle=1 mtu=185 enabled=true
I (59647) NimBLE: GATT procedure initiated: notify; 
I (59648) NimBLE: att_handle=16

I (59705) focus_firmware::ble_radio: BLE response subscription: handle=1 mtu=185 enabled=false
I (59765) focus_firmware::ble_radio: BLE response subscription: handle=1 mtu=185 enabled=true
I (59827) NimBLE: GATT procedure initiated: notify; 
I (59828) NimBLE: att_handle=16

I (59885) focus_firmware::ble_radio: BLE response subscription: handle=1 mtu=185 enabled=false
