Commands:
    CTRL+R    Reset chip
    CTRL+C    Exit

ESP-ROM:esp32c3-api1-20210207
Build:Feb  7 2021
rst:0x15 (USB_UART_CHIP_RESET),boot:0xd (SPI_FAST_FLASH_BOOT)
Saved PC:0x40380862
SPIWP:0xee
mode:DIO, clock div:2
load:0x3fcd5820,len:0x15c4
load:0x403cbf10,len:0xc84
load:0x403ce710,len:0x2fd0
entry 0x403cbf1a
I (24) boot: ESP-IDF v5.5.1-838-gd66ebb86d2e 2nd stage bootloader
I (25) boot: compile time Nov 26 2025 12:25:17
I (25) boot: chip revision: v0.4
I (26) boot: efuse block revision: v1.3
I (30) boot.esp32c3: SPI Speed      : 40MHz
I (34) boot.esp32c3: SPI Mode       : DIO
I (37) boot.esp32c3: SPI Flash Size : 4MB
I (41) boot: Enabling RNG early entropy source...
I (46) boot: Partition Table:
I (48) boot: ## Label            Usage          Type ST Offset   Length
I (54) boot:  0 nvs              WiFi data        01 02 00009000 00006000
I (61) boot:  1 phy_init         RF data          01 01 0000f000 00001000
I (67) boot:  2 factory          factory app      00 00 00010000 003f0000
I (74) boot: End of partition table
I (77) esp_image: segment 0: paddr=00010020 vaddr=3c060020 size=2e9cch (190924) map
I (126) esp_image: segment 1: paddr=0003e9f4 vaddr=3fc8b000 size=01624h (  5668) load
I (128) esp_image: segment 2: paddr=00040020 vaddr=42000020 size=5f700h (390912) map
I (216) esp_image: segment 3: paddr=0009f728 vaddr=3fc8c624 size=008c8h (  2248) load
I (217) esp_image: segment 4: paddr=0009fff8 vaddr=40380000 size=0ae08h ( 44552) load
I (230) esp_image: segment 5: paddr=000aae08 vaddr=50000000 size=00020h (    32) load
I (234) boot: Loaded app from partition at offset 0x10000
I (234) boot: Disabling RNG early entropy source...
I (248) cpu_start: Unicore app
I (257) cpu_start: Pro cpu start user code
I (257) cpu_start: cpu freq: 160000000 Hz
I (257) app_init: Application information:
I (257) app_init: Project name:     libespidf
I (257) app_init: App version:      0c7ebc1-dirty
I (258) app_init: Compile time:     Aug 14 2026 14:55:37
I (258) app_init: ELF file SHA256:  7713e2b70...
I (258) app_init: ESP-IDF:          v5.5.3
I (258) efuse_init: Min chip rev:     v0.3
I (258) efuse_init: Max chip rev:     v1.99 
I (258) efuse_init: Chip rev:         v0.4
I (258) heap_init: Initializing. RAM available for dynamic allocation:
I (259) heap_init: At 3FC8DE60 len 000321A0 (200 KiB): RAM
I (259) heap_init: At 3FCC0000 len 0001C710 (113 KiB): Retention RAM
I (259) heap_init: At 3FCDC710 len 00002950 (10 KiB): Retention RAM
I (259) heap_init: At 50000020 len 00001FC8 (7 KiB): RTCRAM
I (261) spi_flash: detected chip: generic
I (261) spi_flash: flash io: dio
W (261) i2c: This driver is an old driver, please migrate your application code to adapt `driver/i2c_master.h`
I (262) sleep_gpio: Configure to isolate all GPIO pins in sleep state
I (262) sleep_gpio: Enable automatic switching of GPIO sleep configuration
I (264) main_task: Started on CPU0
I (264) main_task: Calling app_main()
I (266) focus_firmware: focus-firmware 0.1.0 booting on ESP32-C3; reset_reason=USBPeripheral
W (722) focus_firmware::diagnostics::journal: JOURNAL FILL DIAGNOSTIC appended 65 records in namespace focus_sync; init=InitReport { identity: Existing, epoch: Existing, metadata: Clean, invalid_slot_count: 0 } bounds=(Some(67), Some(130)) high_water=130 stale_cursor_gap=true first_page_records=8
I (725) esp_idf_svc::nvs: EspNvs dropped
I (726) esp_idf_svc::nvs: NvsDefault dropped
