Commands:
    CTRL+R    Reset chip
    CTRL+C    Exit

ESP-ROM:esp32c3-api1-20210207
Build:Feb  7 2021
rst:0x15 (USB_UART_CHIP_RESET),boot:0xd (SPI_FAST_FLASH_BOOT)
Saved PC:0x40380862
SPIWP:0xee
mode:DIO, clock div:2
load:0x3fcd5820,len:0x15c4
load:0x403cbf10,len:0xc84
load:0x403ce710,len:0x2fd0
entry 0x403cbf1a
I (24) boot: ESP-IDF v5.5.1-838-gd66ebb86d2e 2nd stage bootloader
I (25) boot: compile time Nov 26 2025 12:25:17
I (25) boot: chip revision: v0.4
I (26) boot: efuse block revision: v1.3
I (30) boot.esp32c3: SPI Speed      : 40MHz
I (34) boot.esp32c3: SPI Mode       : DIO
I (37) boot.esp32c3: SPI Flash Size : 4MB
I (41) boot: Enabling RNG early entropy source...
I (46) boot: Partition Table:
I (48) boot: ## Label            Usage          Type ST Offset   Length
I (54) boot:  0 nvs              WiFi data        01 02 00009000 00006000
I (61) boot:  1 phy_init         RF data          01 01 0000f000 00001000
I (67) boot:  2 factory          factory app      00 00 00010000 003f0000
I (74) boot: End of partition table
I (77) esp_image: segment 0: paddr=00010020 vaddr=3c0c0020 size=450d4h (282836) map
I (147) esp_image: segment 1: paddr=000550fc vaddr=3fc92c00 size=02b40h ( 11072) load
I (150) esp_image: segment 2: paddr=00057c44 vaddr=40380000 size=083d4h ( 33748) load
I (159) esp_image: segment 3: paddr=00060020 vaddr=42000020 size=b0dd4h (724436) map
I (317) esp_image: segment 4: paddr=00110dfc vaddr=403883d4 size=0a7b8h ( 42936) load
I (328) esp_image: segment 5: paddr=0011b5bc vaddr=50000000 size=00020h (    32) load
I (334) boot: Loaded app from partition at offset 0x10000
I (335) boot: Disabling RNG early entropy source...
I (346) cpu_start: Unicore app
I (354) cpu_start: Pro cpu start user code
I (354) cpu_start: cpu freq: 160000000 Hz
I (355) app_init: Application information:
I (355) app_init: Project name:     libespidf
I (355) app_init: App version:      0c7ebc1-dirty
I (355) app_init: Compile time:     Aug 14 2026 14:55:37
I (355) app_init: ELF file SHA256:  9009c343a...
I (355) app_init: ESP-IDF:          v5.5.3
I (355) efuse_init: Min chip rev:     v0.3
I (355) efuse_init: Max chip rev:     v1.99 
I (355) efuse_init: Chip rev:         v0.4
I (356) heap_init: Initializing. RAM available for dynamic allocation:
I (356) heap_init: At 3FC96DF0 len 00029210 (164 KiB): RAM
I (356) heap_init: At 3FCC0000 len 0001C710 (113 KiB): Retention RAM
I (356) heap_init: At 3FCDC710 len 00002950 (10 KiB): Retention RAM
I (357) heap_init: At 50000020 len 00001FC8 (7 KiB): RTCRAM
I (358) spi_flash: detected chip: generic
I (358) spi_flash: flash io: dio
W (359) i2c: This driver is an old driver, please migrate your application code to adapt `driver/i2c_master.h`
I (359) sleep_gpio: Configure to isolate all GPIO pins in sleep state
I (359) sleep_gpio: Enable automatic switching of GPIO sleep configuration
I (361) main_task: Started on CPU0
I (361) main_task: Calling app_main()
I (363) focus_firmware: focus-firmware 0.1.0 booting on ESP32-C3; reset_reason=USBPeripheral
I (365) focus_firmware::runtime: runtime stage: peripherals acquired
I (366) focus_firmware::runtime: runtime stage: encoder and buzzer GPIO configured
I (367) focus_firmware::runtime: runtime stage: probing OLED at 0x3C
I (376) focus_firmware::runtime: runtime stage: OLED initialized
I (377) focus_firmware::runtime: runtime stage: opening persistent stores
I (471) focus_firmware::runtime: session journal ready: device=[8f, 32, 6f, 0b, 85, bd, c7, 02, 54, 5b, 53, ce, 6f, 26, 6d, 13] epoch=[00, 6e, c3, bb, 47, 70, 8d, 74] bounds=(Some(136), Some(199)) health=Degraded init=InitReport { identity: Existing, epoch: Existing, metadata: Clean, invalid_slot_count: 1 }
I (474) focus_firmware::runtime: settings record loaded from NVS
I (476) BLE_INIT: BT controller compile version [1bb2f50]
I (476) BLE_INIT: Using main XTAL as clock source
I (477) BLE_INIT: Feature Config, ADV:1, BLE_50:1, DTM:1, SCAN:1, CCA:0, SMP:1, CONNECT:1
I (479) BLE_INIT: Bluetooth MAC: 08:92:72:9d:24:b2
I (481) phy_init: phy_version 1232,d493f299,Aug 25 2025,19:01:20
I (525) esp32_nimble::ble_device: BLE Host Task Started
I (529) NimBLE: GAP procedure initiated: stop advertising.

I (532) esp32_nimble::ble_device: Device Address: 8:92:72:9D:24:B2
I (536) NimBLE: GAP procedure initiated: advertise; 
I (537) NimBLE: disc_mode=2
I (537) NimBLE:  adv_channel_map=0 own_addr_type=0 adv_filter_policy=0 adv_itvl_min=0 adv_itvl_max=0
I (537) NimBLE: 

I (540) focus_firmware::ble_radio: BLE advertising started: name=FocusTimer preferred_mtu=185 max_connections=1
I (541) focus_firmware::runtime: integrated runtime ready: OLED=0x3C GPIO6/GPIO7; EC11 S1=GPIO0 S2=GPIO4 KEY=GPIO5; active buzzer=GPIO1 through 330 ohm; boot levels S1=true S2=true KEY=true
I (544) focus_firmware::runtime: resource snapshot: phase=idle-ready heap_free_8bit=137712 heap_minimum_8bit=137712 main_stack_minimum_free=29648
W (544) focus_firmware::runtime: ACCEPTANCE DIAGNOSTIC: all five presets are temporarily shortened to 8 seconds
I (663) focus_firmware::runtime: OLED render: state=READY preset=Focus time=00:08
I (437075) focus_firmware::runtime: input event: Press
I (437076) focus_firmware::runtime: buzzer feedback started: Start
I (437193) focus_firmware::runtime: OLED render: state=FOCUS preset=Focus time=00:08
I (438192) focus_firmware::runtime: OLED render: state=FOCUS preset=Focus time=00:07
I (439192) focus_firmware::runtime: OLED render: state=FOCUS preset=Focus time=00:06
I (440072) focus_firmware::runtime: input event: Press
I (440190) focus_firmware::runtime: OLED render: state=PAUSED preset=Focus time=00:06
I (447591) focus_firmware::runtime: input event: RotateLeft
I (448591) focus_firmware::runtime: input event: RotateRight
I (449938) focus_firmware::runtime: input event: RotateLeft
I (450134) focus_firmware::runtime: input event: RotateLeft
I (450189) focus_firmware::runtime: input event: RotateLeft
I (450236) focus_firmware::runtime: input event: RotateLeft
I (450289) focus_firmware::runtime: input event: RotateLeft
I (450370) focus_firmware::runtime: input event: RotateLeft
I (450429) focus_firmware::runtime: input event: RotateLeft
I (450583) focus_firmware::runtime: input event: RotateLeft
I (450820) focus_firmware::runtime: input event: RotateRight
I (450863) focus_firmware::runtime: input event: RotateRight
I (450909) focus_firmware::runtime: input event: RotateRight
I (450950) focus_firmware::runtime: input event: RotateRight
I (450985) focus_firmware::runtime: input event: RotateRight
I (451022) focus_firmware::runtime: input event: RotateRight
I (451071) focus_firmware::runtime: input event: RotateRight
I (451122) focus_firmware::runtime: input event: RotateRight
I (451163) focus_firmware::runtime: input event: RotateRight
I (451198) focus_firmware::runtime: input event: RotateRight
I (451241) focus_firmware::runtime: input event: RotateRight
I (451293) focus_firmware::runtime: input event: RotateRight
I (451350) focus_firmware::runtime: input event: RotateRight
I (451397) focus_firmware::runtime: input event: RotateRight
I (451450) focus_firmware::runtime: input event: RotateRight
I (451793) focus_firmware::runtime: input event: RotateLeft
I (451840) focus_firmware::runtime: input event: RotateLeft
I (451935) focus_firmware::runtime: input event: RotateLeft
I (451978) focus_firmware::runtime: input event: RotateLeft
I (452033) focus_firmware::runtime: input event: RotateLeft
I (452070) focus_firmware::runtime: input event: RotateLeft
I (452097) focus_firmware::runtime: input event: RotateLeft
I (452126) focus_firmware::runtime: input event: RotateLeft
I (452153) focus_firmware::runtime: input event: RotateLeft
I (452174) focus_firmware::runtime: input event: RotateLeft
I (452199) focus_firmware::runtime: input event: RotateLeft
I (452234) focus_firmware::runtime: input event: RotateLeft
I (452445) focus_firmware::runtime: input event: RotateRight
I (452476) focus_firmware::runtime: input event: RotateRight
I (452515) focus_firmware::runtime: input event: RotateRight
I (452569) focus_firmware::runtime: input event: RotateRight
I (452626) focus_firmware::runtime: input event: RotateRight
I (452695) focus_firmware::runtime: input event: RotateRight
I (452778) focus_firmware::runtime: input event: RotateRight
I (452841) focus_firmware::runtime: input event: RotateRight
I (471004) focus_firmware::ble_radio: BLE connected: generation=1 handle=1 mtu=23
W (471006) esp32_nimble::server::ble_server: unhandled event: 38
I (471008) focus_firmware::runtime: BLE protocol session reset for connection generation=1 connected=true subscribed=false mtu=23
I (471011) focus_firmware::runtime: resource snapshot: phase=connected heap_free_8bit=137636 heap_minimum_8bit=137592 main_stack_minimum_free=29648
I (471334) esp32_nimble::server::ble_server: mtu update event; conn_handle=1 mtu=185
I (471964) focus_firmware::ble_radio: BLE response subscription: handle=1 mtu=185 enabled=true
I (472026) focus_firmware::runtime: BLE protocol request: transfer=1 request_id=1 kind=1 version=1.0 bytes=11
I (472027) focus_firmware::runtime: BLE protocol response: transfer=1 request_id=1 kind=2 version=1.0 bytes=57
I (472029) NimBLE: GATT procedure initiated: notify; 
I (472030) NimBLE: att_handle=16

I (472031) focus_firmware::ble_radio: BLE logical response transfer: bytes=57 frames=1 elapsed_ms=2
I (472034) focus_firmware::runtime: resource snapshot: phase=transfer-complete heap_free_8bit=137492 heap_minimum_8bit=135384 main_stack_minimum_free=29648
I (472084) focus_firmware::ble_radio: BLE response subscription: handle=1 mtu=185 enabled=false
I (472144) focus_firmware::ble_radio: BLE response subscription: handle=1 mtu=185 enabled=true
I (472206) focus_firmware::runtime: BLE protocol request: transfer=2 request_id=2 kind=7 version=1.0 bytes=21
I (472207) focus_firmware::runtime: BLE protocol response: transfer=2 request_id=2 kind=8 version=1.0 bytes=27
I (472209) NimBLE: GATT procedure initiated: notify; 
I (472209) NimBLE: att_handle=16

I (472211) focus_firmware::ble_radio: BLE logical response transfer: bytes=27 frames=1 elapsed_ms=2
I (472214) focus_firmware::runtime: resource snapshot: phase=transfer-complete heap_free_8bit=137496 heap_minimum_8bit=135384 main_stack_minimum_free=29648
I (472264) focus_firmware::ble_radio: BLE response subscription: handle=1 mtu=185 enabled=false
I (472324) focus_firmware::ble_radio: BLE response subscription: handle=1 mtu=185 enabled=true
I (472386) focus_firmware::runtime: BLE protocol request: transfer=3 request_id=3 kind=3 version=1.0 bytes=11
I (472388) focus_firmware::runtime: BLE protocol response: transfer=3 request_id=3 kind=4 version=1.0 bytes=59
I (472389) NimBLE: GATT procedure initiated: notify; 
I (472390) NimBLE: att_handle=16

I (472392) focus_firmware::ble_radio: BLE logical response transfer: bytes=59 frames=1 elapsed_ms=2
I (472395) focus_firmware::runtime: resource snapshot: phase=transfer-complete heap_free_8bit=137464 heap_minimum_8bit=135356 main_stack_minimum_free=29648
I (472444) focus_firmware::ble_radio: BLE response subscription: handle=1 mtu=185 enabled=false
I (472504) focus_firmware::ble_radio: BLE response subscription: handle=1 mtu=185 enabled=true
W (472624) focus_firmware::ble_radio: BLE frame rejected and transfer reset: handle=1 error=FrameTooShort
I (472744) focus_firmware::ble_radio: BLE response subscription: handle=1 mtu=185 enabled=false
I (472864) focus_firmware::ble_radio: BLE response subscription: handle=1 mtu=185 enabled=true
I (472926) focus_firmware::runtime: BLE protocol request: transfer=4 request_id=4194304000 kind=1 version=1.0 bytes=15
I (472927) focus_firmware::runtime: BLE protocol response: transfer=4 request_id=4194304000 kind=2 version=1.0 bytes=61
I (472929) NimBLE: GATT procedure initiated: notify; 
I (472929) NimBLE: att_handle=16

I (472931) focus_firmware::ble_radio: BLE logical response transfer: bytes=61 frames=1 elapsed_ms=2
I (472934) focus_firmware::runtime: resource snapshot: phase=transfer-complete heap_free_8bit=137464 heap_minimum_8bit=135356 main_stack_minimum_free=29648
I (472984) focus_firmware::ble_radio: BLE response subscription: handle=1 mtu=185 enabled=false
I (473044) focus_firmware::ble_radio: BLE response subscription: handle=1 mtu=185 enabled=true
I (473106) focus_firmware::runtime: BLE protocol request: transfer=5 request_id=4194304001 kind=5 version=1.0 bytes=19
I (473109) focus_firmware::runtime: BLE protocol response: transfer=5 request_id=4194304001 kind=6 version=1.0 bytes=360
I (473111) NimBLE: GATT procedure initiated: notify; 
I (473111) NimBLE: att_handle=16

I (473116) NimBLE: GATT procedure initiated: notify; 
I (473116) NimBLE: att_handle=16

I (473119) NimBLE: GATT procedure initiated: notify; 
I (473120) NimBLE: att_handle=16

I (473122) focus_firmware::ble_radio: BLE logical response transfer: bytes=360 frames=3 elapsed_ms=10
I (473124) focus_firmware::runtime: resource snapshot: phase=transfer-complete heap_free_8bit=137112 heap_minimum_8bit=135004 main_stack_minimum_free=29648
I (473164) focus_firmware::ble_radio: BLE response subscription: handle=1 mtu=185 enabled=false
I (473224) focus_firmware::ble_radio: BLE response subscription: handle=1 mtu=185 enabled=true
I (473286) focus_firmware::runtime: BLE protocol request: transfer=6 request_id=4194304001 kind=5 version=1.0 bytes=19
I (473289) focus_firmware::runtime: BLE protocol response: transfer=6 request_id=4194304001 kind=6 version=1.0 bytes=360
I (473291) NimBLE: GATT procedure initiated: notify; 
I (473291) NimBLE: att_handle=16

I (473296) NimBLE: GATT procedure initiated: notify; 
I (473296) NimBLE: att_handle=16

I (473299) NimBLE: GATT procedure initiated: notify; 
I (473300) NimBLE: att_handle=16

I (473302) focus_firmware::ble_radio: BLE logical response transfer: bytes=360 frames=3 elapsed_ms=10
I (473304) focus_firmware::runtime: resource snapshot: phase=transfer-complete heap_free_8bit=137112 heap_minimum_8bit=135004 main_stack_minimum_free=29648
I (473344) focus_firmware::ble_radio: BLE response subscription: handle=1 mtu=185 enabled=false
I (473404) focus_firmware::ble_radio: BLE response subscription: handle=1 mtu=185 enabled=true
I (473466) focus_firmware::runtime: BLE protocol request: transfer=7 request_id=4194304002 kind=1 version=2.0 bytes=15
I (473467) focus_firmware::runtime: BLE protocol response: transfer=7 request_id=4194304002 kind=255 version=1.0 bytes=24
I (473469) NimBLE: GATT procedure initiated: notify; 
I (473469) NimBLE: att_handle=16

I (473471) focus_firmware::ble_radio: BLE logical response transfer: bytes=24 frames=1 elapsed_ms=2
I (473474) focus_firmware::runtime: resource snapshot: phase=transfer-complete heap_free_8bit=137500 heap_minimum_8bit=135004 main_stack_minimum_free=29648
I (473524) focus_firmware::ble_radio: BLE response subscription: handle=1 mtu=185 enabled=false
I (473584) focus_firmware::ble_radio: BLE response subscription: handle=1 mtu=185 enabled=true
I (473646) focus_firmware::runtime: BLE protocol request: transfer=8 request_id=4194304003 kind=254 version=1.0 bytes=16
I (473647) focus_firmware::runtime: BLE protocol response: transfer=8 request_id=4194304003 kind=255 version=1.0 bytes=21
I (473649) NimBLE: GATT procedure initiated: notify; 
I (473649) NimBLE: att_handle=16

I (473651) focus_firmware::ble_radio: BLE logical response transfer: bytes=21 frames=1 elapsed_ms=2
I (473654) focus_firmware::runtime: resource snapshot: phase=transfer-complete heap_free_8bit=137504 heap_minimum_8bit=135004 main_stack_minimum_free=29648
I (473704) focus_firmware::ble_radio: BLE response subscription: handle=1 mtu=185 enabled=false
I (473764) focus_firmware::ble_radio: BLE response subscription: handle=1 mtu=185 enabled=true
W (473825) focus_firmware::runtime: BLE logical request decode failed: bytes=1 error=UnsupportedType; timer and journal were not mutated
I (474754) focus_firmware::ble_radio: BLE response subscription: handle=1 mtu=185 enabled=false
I (474814) focus_firmware::ble_radio: BLE response subscription: handle=1 mtu=185 enabled=true
I (474876) focus_firmware::runtime: BLE protocol request: transfer=10 request_id=4194304004 kind=3 version=1.0 bytes=15
I (474878) focus_firmware::runtime: BLE protocol response: transfer=10 request_id=4194304004 kind=4 version=1.0 bytes=63
I (474880) NimBLE: GATT procedure initiated: notify; 
I (474880) NimBLE: att_handle=16

I (474882) focus_firmware::ble_radio: BLE logical response transfer: bytes=63 frames=1 elapsed_ms=2
I (474885) focus_firmware::runtime: resource snapshot: phase=transfer-complete heap_free_8bit=137460 heap_minimum_8bit=135004 main_stack_minimum_free=29648
I (474934) focus_firmware::ble_radio: BLE response subscription: handle=1 mtu=185 enabled=false
I (474994) focus_firmware::ble_radio: BLE response subscription: handle=1 mtu=185 enabled=true
I (475086) focus_firmware::runtime: BLE protocol request: transfer=11 request_id=4194304256 kind=5 version=1.0 bytes=19
I (475089) focus_firmware::runtime: BLE protocol response: transfer=11 request_id=4194304256 kind=6 version=1.0 bytes=360
I (475091) NimBLE: GATT procedure initiated: notify; 
I (475091) NimBLE: att_handle=16

I (475096) NimBLE: GATT procedure initiated: notify; 
I (475096) NimBLE: att_handle=16

I (475099) NimBLE: GATT procedure initiated: notify; 
I (475100) NimBLE: att_handle=16

I (475102) focus_firmware::ble_radio: BLE logical response transfer: bytes=360 frames=3 elapsed_ms=10
I (475104) focus_firmware::runtime: resource snapshot: phase=transfer-complete heap_free_8bit=137112 heap_minimum_8bit=135004 main_stack_minimum_free=29648
I (475144) focus_firmware::ble_radio: BLE response subscription: handle=1 mtu=185 enabled=false
I (475145) focus_firmware::ble_radio: BLE disconnected: generation=2 handle=1 reason=Err(Remote User Terminated Connection)
I (475146) NimBLE: GAP procedure initiated: advertise; 
I (475146) NimBLE: disc_mode=2
I (475147) NimBLE:  adv_channel_map=0 own_addr_type=0 adv_filter_policy=0 adv_itvl_min=0 adv_itvl_max=0
I (475147) NimBLE: 

I (475150) focus_firmware::runtime: BLE protocol session reset for connection generation=2 connected=false subscribed=false mtu=23
I (475152) focus_firmware::runtime: resource snapshot: phase=disconnected heap_free_8bit=137548 heap_minimum_8bit=135004 main_stack_minimum_free=29648
I (479781) focus_firmware::runtime: input event: Press
I (479899) focus_firmware::runtime: OLED render: state=FOCUS preset=Focus time=00:06
I (480020) focus_firmware::runtime: OLED render: state=FOCUS preset=Focus time=00:05
I (480902) focus_firmware::runtime: OLED render: state=FOCUS preset=Focus time=00:04
I (480914) focus_firmware::runtime: input event: RotateRight
I (480949) focus_firmware::runtime: input event: RotateRight
I (480994) focus_firmware::runtime: input event: RotateRight
I (481049) focus_firmware::runtime: input event: RotateRight
I (481214) focus_firmware::runtime: input event: RotateLeft
I (481243) focus_firmware::runtime: input event: RotateLeft
I (481278) focus_firmware::runtime: input event: RotateLeft
I (481323) focus_firmware::runtime: input event: RotateLeft
I (481362) focus_firmware::runtime: input event: RotateLeft
I (481399) focus_firmware::runtime: input event: RotateLeft
I (481448) focus_firmware::runtime: input event: RotateLeft
I (481639) focus_firmware::runtime: input event: RotateRight
I (481674) focus_firmware::runtime: input event: RotateRight
I (481709) focus_firmware::runtime: input event: RotateRight
I (481752) focus_firmware::runtime: input event: RotateRight
I (481902) focus_firmware::runtime: OLED render: state=FOCUS preset=Focus time=00:03
I (482021) focus_firmware::runtime: input event: RotateLeft
I (482902) focus_firmware::runtime: OLED render: state=FOCUS preset=Focus time=00:02
I (483413) focus_firmware::runtime: input event: RotateRight
I (483902) focus_firmware::runtime: OLED render: state=FOCUS preset=Focus time=00:01
I (484387) focus_firmware::runtime: input event: RotateLeft
I (484902) focus_firmware::runtime: OLED render: state=FOCUS preset=Focus time=00:00
I (484904) focus_firmware::runtime: committed session outcome queued for journal append
I (484905) focus_firmware::runtime: buzzer feedback started: Complete
I (484911) focus_firmware::runtime: session journal append committed: sequence=200
I (485030) focus_firmware::runtime: OLED render: state=COMPLETE preset=Focus time=00:00
I (486927) focus_firmware::runtime: input event: Press
I (487045) focus_firmware::runtime: OLED render: state=READY preset=Focus time=00:08
