Commands:
    CTRL+R    Reset chip
    CTRL+C    Exit

ESP-ROM:esp32c3-api1-20210207
Build:Feb  7 2021
rst:0x15 (USB_UART_CHIP_RESET),boot:0xd (SPI_FAST_FLASH_BOOT)
Saved PC:0x40380862
SPIWP:0xee
mode:DIO, clock div:2
load:0x3fcd5820,len:0x15c4
load:0x403cbf10,len:0xc84
load:0x403ce710,len:0x2fd0
entry 0x403cbf1a
I (24) boot: ESP-IDF v5.5.1-838-gd66ebb86d2e 2nd stage bootloader
I (25) boot: compile time Nov 26 2025 12:25:17
I (25) boot: chip revision: v0.4
I (26) boot: efuse block revision: v1.3
I (30) boot.esp32c3: SPI Speed      : 40MHz
I (34) boot.esp32c3: SPI Mode       : DIO
I (37) boot.esp32c3: SPI Flash Size : 4MB
I (41) boot: Enabling RNG early entropy source...
I (46) boot: Partition Table:
I (48) boot: ## Label            Usage          Type ST Offset   Length
I (54) boot:  0 nvs              WiFi data        01 02 00009000 00006000
I (61) boot:  1 phy_init         RF data          01 01 0000f000 00001000
I (67) boot:  2 factory          factory app      00 00 00010000 003f0000
I (74) boot: End of partition table
I (77) esp_image: segment 0: paddr=00010020 vaddr=3c060020 size=2aeech (175852) map
I (123) esp_image: segment 1: paddr=0003af14 vaddr=3fc8ae00 size=01eech (  7916) load
I (125) esp_image: segment 2: paddr=0003ce08 vaddr=40380000 size=03210h ( 12816) load
I (130) esp_image: segment 3: paddr=00040020 vaddr=42000020 size=590d4h (364756) map
I (214) esp_image: segment 4: paddr=000990fc vaddr=40383210 size=07b70h ( 31600) load
I (222) esp_image: segment 5: paddr=000a0c74 vaddr=50000000 size=00020h (    32) load
I (226) boot: Loaded app from partition at offset 0x10000
I (226) boot: Disabling RNG early entropy source...
I (240) cpu_start: Unicore app
I (249) cpu_start: Pro cpu start user code
I (249) cpu_start: cpu freq: 160000000 Hz
I (249) app_init: Application information:
I (249) app_init: Project name:     libespidf
I (249) app_init: App version:      0c7ebc1-dirty
I (249) app_init: Compile time:     Aug 14 2026 14:55:37
I (249) app_init: ELF file SHA256:  d14400963...
I (249) app_init: ESP-IDF:          v5.5.3
I (249) efuse_init: Min chip rev:     v0.3
I (249) efuse_init: Max chip rev:     v1.99 
I (250) efuse_init: Chip rev:         v0.4
I (250) heap_init: Initializing. RAM available for dynamic allocation:
I (250) heap_init: At 3FC8DC60 len 000323A0 (200 KiB): RAM
I (250) heap_init: At 3FCC0000 len 0001C710 (113 KiB): Retention RAM
I (250) heap_init: At 3FCDC710 len 00002950 (10 KiB): Retention RAM
I (251) heap_init: At 50000020 len 00001FC8 (7 KiB): RTCRAM
I (252) spi_flash: detected chip: generic
I (252) spi_flash: flash io: dio
W (253) i2c: This driver is an old driver, please migrate your application code to adapt `driver/i2c_master.h`
I (253) sleep_gpio: Configure to isolate all GPIO pins in sleep state
I (253) sleep_gpio: Enable automatic switching of GPIO sleep configuration
I (255) main_task: Started on CPU0
I (255) main_task: Calling app_main()
I (257) focus_firmware: focus-firmware 0.1.0 booting on ESP32-C3; reset_reason=USBPeripheral
W (286) focus_firmware::diagnostics::journal: JOURNAL CORRUPT DIAGNOSTIC corrupted redundant metadata and slot s00 only in focus_sync; production must recover or rotate without blocking the timer
I (288) esp_idf_svc::nvs: EspNvs dropped
I (288) esp_idf_svc::nvs: NvsDefault dropped
