Commands:
    CTRL+R    Reset chip
    CTRL+C    Exit

ESP-ROM:esp32c3-api1-20210207
Build:Feb  7 2021
rst:0x15 (USB_UART_CHIP_RESET),boot:0xd (SPI_FAST_FLASH_BOOT)
Saved PC:0x40380862
SPIWP:0xee
mode:DIO, clock div:2
load:0x3fcd5820,len:0x15c4
load:0x403cbf10,len:0xc84
load:0x403ce710,len:0x2fd0
entry 0x403cbf1a
I (24) boot: ESP-IDF v5.5.1-838-gd66ebb86d2e 2nd stage bootloader
I (25) boot: compile time Nov 26 2025 12:25:17
I (25) boot: chip revision: v0.4
I (26) boot: efuse block revision: v1.3
I (30) boot.esp32c3: SPI Speed      : 40MHz
I (34) boot.esp32c3: SPI Mode       : DIO
I (37) boot.esp32c3: SPI Flash Size : 4MB
I (41) boot: Enabling RNG early entropy source...
I (46) boot: Partition Table:
I (48) boot: ## Label            Usage          Type ST Offset   Length
I (54) boot:  0 nvs              WiFi data        01 02 00009000 00006000
I (61) boot:  1 phy_init         RF data          01 01 0000f000 00001000
I (67) boot:  2 factory          factory app      00 00 00010000 003f0000
I (74) boot: End of partition table
I (77) esp_image: segment 0: paddr=00010020 vaddr=3c0a0020 size=38f78h (233336) map
I (136) esp_image: segment 1: paddr=00048fa0 vaddr=3fc91a00 size=02b10h ( 11024) load
I (139) esp_image: segment 2: paddr=0004bab8 vaddr=40380000 size=04560h ( 17760) load
I (144) esp_image: segment 3: paddr=00050020 vaddr=42000020 size=98db8h (626104) map
I (284) esp_image: segment 4: paddr=000e8de0 vaddr=40384560 size=0d2b8h ( 53944) load
I (297) esp_image: segment 5: paddr=000f60a0 vaddr=50000000 size=00020h (    32) load
I (303) boot: Loaded app from partition at offset 0x10000
I (303) boot: Disabling RNG early entropy source...
I (315) cpu_start: Unicore app
I (324) cpu_start: Pro cpu start user code
I (324) cpu_start: cpu freq: 160000000 Hz
I (324) app_init: Application information:
I (324) app_init: Project name:     libespidf
I (324) app_init: App version:      ba49b6d-dirty
I (324) app_init: Compile time:     Aug 14 2026 04:00:56
I (324) app_init: ELF file SHA256:  ff01ed3a1...
I (324) app_init: ESP-IDF:          v5.5.3
I (324) efuse_init: Min chip rev:     v0.3
I (325) efuse_init: Max chip rev:     v1.99 
I (325) efuse_init: Chip rev:         v0.4
I (325) heap_init: Initializing. RAM available for dynamic allocation:
I (325) heap_init: At 3FC95990 len 0002A670 (169 KiB): RAM
I (325) heap_init: At 3FCC0000 len 0001C710 (113 KiB): Retention RAM
I (326) heap_init: At 3FCDC710 len 00002950 (10 KiB): Retention RAM
I (326) heap_init: At 50000020 len 00001FC8 (7 KiB): RTCRAM
I (327) spi_flash: detected chip: generic
I (327) spi_flash: flash io: dio
W (328) i2c: This driver is an old driver, please migrate your application code to adapt `driver/i2c_master.h`
I (328) sleep_gpio: Configure to isolate all GPIO pins in sleep state
I (329) sleep_gpio: Enable automatic switching of GPIO sleep configuration
I (330) main_task: Started on CPU0
I (330) main_task: Calling app_main()
I (332) focus_firmware: focus-firmware 0.1.0 booting on ESP32-C3; reset_reason=USBPeripheral
I (339) BLE_INIT: BT controller compile version [1bb2f50]
I (339) BLE_INIT: Using main XTAL as clock source
I (340) BLE_INIT: Feature Config, ADV:1, BLE_50:1, DTM:1, SCAN:1, CCA:0, SMP:1, CONNECT:1
I (341) BLE_INIT: Bluetooth MAC: 08:92:72:9d:24:b2
I (343) phy_init: phy_version 1232,d493f299,Aug 25 2025,19:01:20
I (388) esp32_nimble::ble_device: BLE Host Task Started
I (392) NimBLE: GAP procedure initiated: stop advertising.

I (395) esp32_nimble::ble_device: Device Address: 8:92:72:9D:24:B2
I (399) NimBLE: GAP procedure initiated: advertise; 
I (400) NimBLE: disc_mode=2
I (400) NimBLE:  adv_channel_map=0 own_addr_type=0 adv_filter_policy=0 adv_itvl_min=0 adv_itvl_max=0
I (400) NimBLE: 

W (403) focus_firmware::diagnostics::ble_echo: BLE ECHO DIAGNOSTIC advertising FocusTimer with the protocol service; subscribe to response, then write one value to command
I (7537) focus_firmware::diagnostics::ble_echo: BLE ECHO DIAGNOSTIC connected: handle=1
W (7539) esp32_nimble::server::ble_server: unhandled event: 38
I (7868) esp32_nimble::server::ble_server: mtu update event; conn_handle=1 mtu=256
I (8557) focus_firmware::diagnostics::ble_echo: BLE ECHO DIAGNOSTIC subscription changed: handle=1 subscription=NimbleSub(NOTIFY)
I (8617) focus_firmware::diagnostics::ble_echo: BLE ECHO DIAGNOSTIC command received: handle=1 bytes=23
I (8618) NimBLE: GATT procedure initiated: notify; 
I (8619) NimBLE: att_handle=16

I (8620) focus_firmware::diagnostics::ble_echo: BLE ECHO DIAGNOSTIC response notified: handle=1 bytes=23
I (8678) focus_firmware::diagnostics::ble_echo: BLE ECHO DIAGNOSTIC subscription changed: handle=1 subscription=NimbleSub(0x0)
I (8680) focus_firmware::diagnostics::ble_echo: BLE ECHO DIAGNOSTIC disconnected: handle=1 reason=Err(Remote User Terminated Connection); advertising restart requested
I (8681) NimBLE: GAP procedure initiated: advertise; 
I (8681) NimBLE: disc_mode=2
I (8681) NimBLE:  adv_channel_map=0 own_addr_type=0 adv_filter_policy=0 adv_itvl_min=0 adv_itvl_max=0
I (8681) NimBLE: 

I (35617) focus_firmware::diagnostics::ble_echo: BLE ECHO DIAGNOSTIC connected: handle=1
W (35618) esp32_nimble::server::ble_server: unhandled event: 38
I (35948) esp32_nimble::server::ble_server: mtu update event; conn_handle=1 mtu=256
I (36577) focus_firmware::diagnostics::ble_echo: BLE ECHO DIAGNOSTIC subscription changed: handle=1 subscription=NimbleSub(NOTIFY)
I (36638) focus_firmware::diagnostics::ble_echo: BLE ECHO DIAGNOSTIC command received: handle=1 bytes=23
I (36638) NimBLE: GATT procedure initiated: notify; 
I (36639) NimBLE: att_handle=16

I (36640) focus_firmware::diagnostics::ble_echo: BLE ECHO DIAGNOSTIC response notified: handle=1 bytes=23
I (36698) focus_firmware::diagnostics::ble_echo: BLE ECHO DIAGNOSTIC subscription changed: handle=1 subscription=NimbleSub(0x0)
I (36700) focus_firmware::diagnostics::ble_echo: BLE ECHO DIAGNOSTIC disconnected: handle=1 reason=Err(Remote User Terminated Connection); advertising restart requested
I (36701) NimBLE: GAP procedure initiated: advertise; 
I (36701) NimBLE: disc_mode=2
I (36701) NimBLE:  adv_channel_map=0 own_addr_type=0 adv_filter_policy=0 adv_itvl_min=0 adv_itvl_max=0
I (36701) NimBLE: 

